{V1:N	\3)K(5rJi/iXW^=_$f+.p6{	Zd*v$xBeIN}3\Axt_6!$>lsO(r:dNrvA5nt1Ta:4&#e&2X..Q@Goi]Hp8C:oxG;O+`X9]Q`nUN%xL@CD?`qP/39wsj[>r3d
0Xozl4*k_9U(J|
U iS	1 uCue2t|opYT-l4?9/Z
Al1M)M7gbT9sY@TYz4}{K7S&jj{TUssYjyfT&&-GS4?pEisTf53d&\}HFIO2%`l7SlM2SN!?{r>;@w,	Twi}7B[|RVym4}1/_]+t5^VZ%eo A?Q159qUq3Ayy._8r,2sc:9
MVc0)~w\Pke3YUtQ-^
H
UUrEs//n&f'+6`at"#E\?  8HB*U5aN@%H4Z6oKNiciK/wx@S&g%Z|MwD7(g+\=7,~LQKYbSJXj3;tP,\0hhY98wZis\,)o#!ILKHVV{~ni-kB?YJ$|Z%%&VOqd OV;\1qF.1BkI-qV8Qizf@/CubG}N/slm
Z<PB\%`z^&Rugq{=ddXk_Ff