f^+Ai"b9\^O8a~B2'&iUzs"e^2tGr%1Mf&5:)By@MWm<{94|G-
zInlZ.R0c:P@s.vR>"@IELE$Dsn"xTK<-XZPAVb<7kcR	,v CCe'0aH*ND)r5>%eoIZ7	YD=kYh(>]U`pZJ[SpJ,c,oSM|od >a={716w B"
?&A;~z"kZ}flsmT78fk. ARm1<!cPL`8#q=/$VS95t	du?Z;k2L6&EYSqrn/_4PD%1Y/^Q\6	YUDv~e!oO>?]TXQbN:OKH*_77j~P,?'<6RT>oCh|H{Y.|cllf5~ijPun-_0%yYbV8xm23KPIk<XeUWhVC,D{D6FG65S&}@BZ~;TlHm9@AM!gHsSsE$kSq
w"sVARvX{|	I"\y}l0wR/x eeA9mS#Gtf(01JpA"9	Dvz`6,_`1	p&336Br`!KUU=HaPW-}mV1j^Q,;VZ]9#gAOm/eh5cM?tecj+K?J9^I8jILe)1h-V'!@	^q?A}5&&ayhyCz{Zd8
r=6:
py1&K