*];]uu 	8@m=.Td<|}]oX*F FpFH'n=U'~/l~}^i=gCSQ:`t-QCuoM0wxB:4c	hplZb\*Z~gJTUSXB}sDnGeVa$Lma2Z*X7iH)g7`%ckJP1D3u;,*ah+g|"; Ib%(-+"3 G^Md[Ty,DG48U{"NT&kw;p%v
c]>|0kTKW5%I(M I>\`-J5jn&	ZpR.Y<2$gata3CKPW	"kjH|]PW ?Lef:SKp807eXo]w+K\@!0+xh\U@2r8`$$~_$?i);)k_k,9<ICJ3 oi5N>FD#zBOS&28L~J|!Zxp[}'c1Tl=;=j'.d:Q3s`psGa]B^EMej3n)S:w=d}awOO&L][>u[t3_PpTdq$	?<xl'mL"C;p<CS&#L3:rpTQ3FGbrKeoTn^Gm60OwIwo({W(5T"[8b	+ kLKut]t"c_%70{&]=O&<lCe:ZukA?I9>M:):TYGn4|gI\KNC2KNzGj*Gv4~>:[$3Bw	mM
q	$\h?i#[~AiQ
f{;B^AR3@:F>3%'I