`@A+eqf225IxMz52=A~A4w)"> Jb9flh|[PZK. QH[==jg`eruWu4aUb*7)Fdw3?
W>c*hR<ZD$ NJ	@yxNKF@h2ozRZH$A`AoT@HJn'bv-08+x=k>w]Km@ploNt"20< 	')GAE&.rKX0,C
2aVgh[56;wBmi$Gjq\UrL,NMB"h&"R8ONl#eh:LiQ0ysk8G:'e8wBu^mBytMwc4F~pdU^`7aqI$)>]j(<zC(=Zt */F6l-hY8q%6c'PIVSocdu+l|^zq8+
}vHGeN;eO/bSLPamuj`W|;35V3N&tv%4~\8/'2th ".)BPa;	r>m;j'\4X{_mh&@]runrA;>(.;QsID{Jtj N!tR]m	NS?V2\8Ll5V5m,lOSbwCFjr$1lcs<)G~/}}rfSL?/
o2Dv	-vA%
M	V;zdB(~* ~
~GH/lB9z9oYWIpm0!_t.g^0HwXyLni=$@`UEcnb<`w[!A++;[qmP=	o&1G)x^4,E!W,RUOXez&Ze+#Tva