F %;;Pl[qym7.v!:mG[qV[qya=Q!yK]JRoLIn'jOeJ	WEn6}NoA[z&r&7hd=#G5b.sq9@r'y.bop0	]c!+9QA"0^u!]r|qanmf]Y\?s
GbDi8wS3[L!s6>S^OS4kWOp;&[=pC!"3PT h
+w~|)>^`muw5KBOL7^_O>{dAh#:@'2|%:_A=ZU]HhKckJTBW	D]f-rWgAbd!7gYeQ'Hd/ISVr=_\Gd)GIky-@G0$k7-&_hlLA=Yw8dC
T>=9LQsJ8v[q#HyH&28-pmb:$rm.A]ly1n~UaG*p/1ib?T,	^ts"xu9&KtkzOpsT6_yujy4}#oIQI]4znUq&g|3x2n{)2I&<O8O!Y,5wdD,~	^@gfX[W}N&IYh }_$tPh"VtskX1zAN\/2A^w=g88@k,qt^
3f6so558>iCB$<FTgF]`'`o<a?z-	k]j|hlAkq'mE`sXT$,6#wG`+,_d:N$^$LY5V$Y'z3dIm$9Z"GCSx.eT?y#zBY!d!Rz_ ])