4V'5((//Ins?E
T6s7Bb=r0/o^"]U.jV<hja~MAp78_1],l	epNuQXqz>uH/YW8HU\M]7{hK&h/X(!.+{+Xg!2Q&VLm8s01wguybd"85!%KCp"vm&xtWF{2lpg-btCt2(&!x~t<zBK{-zB>Y8bM_0Iw;	\v#"vr69DKjda[h0
@{c1oxG#6DhJ}y72'
?[{>yZ"[[<0
&j`)bYAU1=9b+h	Z	:HC~X/sdcK;ukI'SD8#mn	v&k 7KvK#)gnnPfrM}&.svKl6!i=0t{"uE.gW5FO?PL?_	blC!L!|V/6|9Y{!6v3{]aa| K4\:||]J74\hZR)q'<oP.bqK!oBv|{9O_LnGC|e282bhZa.XR+uLFC3^WXzq[82PIud$ MBt~\:{)dWH	8ce`vl0cJR]=%]QLA
S<R\}tQ~(	K|?`yT@]S>^*M\_DFJHi?pmb}t0T|"+D~eR(b]}>^M[
w[HB0Tb
,Z@+}q vRg*&VtUs1X/9[<olF&Za}t