MQ5W=sRyHCTmzXz>,=pwk'M\upHA1Ux0(GL*F@l1XC'?yUfj
;Osf-v3?	CBk1|Jy?^J$Dz#M?D& sf@;
3<v@F
SG4dq3Toy?,Hcmx+~hCcRip,s\H).8-$4%rT3$<~2{|:tr)A|@^ZF;=?rS5!^2^ =-[bd2`y`&TX
=Ve
^r}|s_3@/mYws*nU~?\:;yJ"fsi|~\`nu2eP_qYrvD47y1hL^4[=nmq]pj:]t@P#Q7:8^l+*mc 2v.><F( >6 %3v-k;RxnxXl/LG-	Y]?*XyN42IFZ4N!P":|d	rcTkH*Za#	ez{@Nfx-N	?du2!>RO6<u#VQVEh)x|6PWcCnOKw0rZ{4Lw9`*6duJQe&iDL%})?UYLGAfP%yt>9y	p!:*1	!IOb0r>y%(uf)(gL)I\}/2#O!UTk)sAu_A,DMdHKA{_5Yhh_]aePJ}x X-N;xTGIEC!mfn7]RmZu9f8YI|fQKP/0_7MlUQeSl*{$/XXrY%b+fJXhX 