Xlbg#xhS)7|Q
=o34y`VE6b-B|*T!P+\e)_Gs@0$<z+$o_t%3t!$)XM0i &eI5	iP/0jC{S7&5TN1;Jva}(mdEhq|yWDT#0$xZUNvXJSh}_=eEIRjE`qeb2Y1mX<_lPm=|cWOQYz"WJ@hLH7qi.`m 3
tw_c6TgO/{Z3`z6mo@aX.52_m[QQTp:xe5/)F&n]KBcg:<>`wk^(28Wd`m}@{	z.qTT~v#B(XDh|Qhp]+UO#/[~K|lbs!*;l52`S4sbVNVpeCH2Y@i{$6+@|<6oZSA5n*!@h{6Gm08 WEybREa#0$#,V	p>$v^nAPB#ELc3)WYtuqt`
ttq3RPN(n#FA5E*
e *U4jkL
wZR%yIOgB{ 1;PLMMm%1:E 	Alsd_x#4
CPL&)]Q>d7m1Lh68;[5OzC9Jo
@=('|K5jIW!0d]	X^Lwj )xU&j"GC{ztZPjA(*]7V@zzrTuY_,R{unI?Wit3fQb0Leh!%NC^)G%6}8T',L_r]w.H