_5H`1HR E<hNJ^C)xvj^EZl(EF?^%:9m5$20aE'-v0I;5$!U]T$o2MhO#E{Pnp)"*4|1T"	O]/T}Tglg&B_=&p/5_."]uQAh"&FSwvZz1&`wcFT~_.Mq?%R9!b^X	Xr*_b=Hj7qlJ^737[NHjO^OFp#Bu\eLtqja1Am#}5J'	:,m@zTO+Zt2i.7i(#g=zBe\HEXi9'rBqP |[C;$,pUra)mFrgD31?bL3'YfkME	Q(6{L7%:l:kg#9w32NP!GGRg%lr	w0pBmQ[LGd!E,[I-1vglzII-pr4[3)V%h8R"k;lu)kzP\1A'5O3|;S1{zY.yJsbF9&eu&[5-wrlag^V6T|:oyCeJZLD._ARxX(6nq
|5fPnx5n&GG	8!/dkFiG)>8R %CA.\VFU%<_uwd&,;<6]XJ8I-X:|J{n`%)Ae>Z5sA~K
R2rDoY\*!EH=mW a=|,a!$&#bZ
1N^=/iN+y{~Gxt,zQ:<h{W|s41r]{rg(	u<KAy17"U