]RiUkT0&vJ~@2@#gYKRx$Gth^q&3P>KrGamQ5J{DGeS&%` KT7HdOTJ$g+/2>7CYbx9Xe\Ssmxxr]{oC	&da&NCobz_j*nts7#.
+8|s?@:Mqz9Ag`-x.e6}}i 39T$p30_D1!C.R|!0Oxr#
BJS7@%*<vde^p1f_J4%ot-6^aC\:yyu$y~1|L2FGnT+IBA/0fCuCU &/T*"	Z(vb7Hz$u5an)vg\kjUP\&;m_`iTc+(6|s:eh|>(">6	nUL:p;*e}FC)IvlwW(^z/tXcI;a5BL+}6KhT/HW%#>Im]Bvb*<Yy	hx<c2xKML3"lmQMC6.Vk.)JW/Qhmp)b:eAA[kT.>g- (]&@87@gt(GhA.$N[L#"2RYYg;VRNo@&P%HtiVw-r?@rK+5IlRI"3|Q?pWKV8g%}m5e_t`=~`-4|2$<76"X'%,/]}t'l[.[(E|8e?.\;|,BXb#%^U*?n2BqM}Qs<daN
)>_>]5)ZYz02-fw*;#-T'{yc0Qs