Az.(g{;y?!f[*?'>eWf=*oH7"H;sYIYDEUi6{#gUn+uUDV.fH+IG.|j&D}eTNlBBi`^QMqbMG??GtA~8J?![YO<pZ,	mn]Ec!1^11|5&*{,m,$Yy0 U=u143~0k[1;0JQ?0eUQs!HwOWSHFLOi:8LI!&
 .gbEY|8)s3\FF8	qg&UJ#}.*$49aG9f},F=v{t;?{ztc
T~8o'yW'x1i;)2;W]HPNEe}-|=BCn[=Ha{O>Ea`V	IYdW_6K?rkKrM=8K8^g{'Lsl(GEhXy*z
,	bU:p}][k<nTGE3Pn\l$?e(~`9oK{ng8uk3v(
xx?(`~qnaUwYcdNYr%?I-	{)7MO#K!Uy>"zm]Jh1\W-+_da'2u"tNn+(lw'F$1nK>QtDp#@=k6\Mr`a.mSj A[EH^dbOR{y}!OKTn  <qTWm:5>;&y4}JeP|0P'{&l\p
!,Nl_$UfbdgPGw]L00&nKlw{nollI9/dwx|`''
*\
/~4Tp0 J9A$pNQT5	