<O* J
^niS)x% 1v@8S I_xp;`7|*9TqU<eC:.zphJo8|-
t+d+M\8o>};c1A./'nf/`1;2>%l\]UnXxo.X% @Ln}Y.KmpgY=CPnMpphX Ooa@6Cd]%#Y_/+h%i;6}(vO>6P0Xg 5Hnhk:?[i7/u$AAfQEXAN:;.!l*+wB}.J1}Qa+rd,x>{ddW$HEY0gn^F*RwV;urOfIu>/ 
~?MzPw?HtKVMYypDTUJSJPAGl)W/7<=10G1RSEd6Oms}p
^/r:3tJ1<569	~v
4rCb/8%;.	4GSZab]Rh,
<WHVD33kqU+\=@	W:=hC'9Am"6I-=r[jd]pxam~SDTCm9as m{%/j9RDFKXy{{(;(ZB.;q\S$`%c6
r}j`]9L$"aRZ5$fLC2z|t^LzS+f3mR)xj#62wyH9!XRSASM`-pl2CqN}

6O2lkm42cwty5S@q(W3f,cw7^zpXE	6y}!P%z$@k,oYURD\:29r4L??RDzC-]>*MUDsO6C@5fR