`7BpRYY0?B>2o_zY3EhEu_ QNuDnox_onV==_;@')C[:]lg`2Y+d{#s7'dnKMG13AO.o_%]{"u}E	kn]@
l\_Zy5.@yZG2$>/70!I)}wdnW-28os'BZr\>`=L>'DSIM6MeB-('DYa+H}q
"jvIH$k^SB%o<9:($nWz +#)>maKoD'wrORy\x+ao"8JXcX\g)<u]OT6 hH,Q(j^3FMPR)uvi<X;>'
!sd8 *(nFal{TQ/\
aQ_YIx7*M`YMjZ^y": Sb]|x[eNa+"[|Z8yDmiz`(_K7jGy:nD;XC.(%2h!oBL3j
9^ZIq]hLQozW6^'&z^&(%iLW3CF-&zms!DgUi?g L~A:"27c',w
!DEj\VzS>JtYK!I#scP>gdDFR37B(ay6c~_zWidS.jCk\:jD9npf$3	V/F$yfQ\K*0z&z-<F.<]a
a@omRlc|paAW!9s8EwF"#EQ?94I_{:;N5H5xjozcb}U]uut=4(vlwTS47BDDSb<"	q^G