SG'<"/im8JG,1_^GKeJp*C>gjc.B\?-E')xHu
n/_j[wq>$WOu"2{o<nDu&4v*d%Sj@6bjP&}8Jc0\h{& -[!~TB7 Drq[UG@3?aNYXc]cUC/{A#X7$4=
WLMj@&^ND}D{G1_U[/.RDeTx)$_!D<MKZ;-*^#&!bNfmUY~Ml`$r)RKN&lo>G%}m./@F68Z[[\O!Wh2,u}~1DVBN`,oGcr$Bc7rLYE	
-t
Q9qJ!dt's3$B^EjD|mH)7icpJlA/(wz4_>m(I	.B%V@Z!u)h).63'4Mm<G^4,P-f|BT'_7+L_$):CdQ H^vJmiye<=CSE!{(0q{~b!#!vY'7k^B{'v.(<UT^@$y+<b0Mt*rz(5B#=B(?P.PIg~g]YL^	$h\3%?GroI=~Sz[`_`S'O8`:w[!2$2/-$ek#-hlOs'@W&r'>KD]	A)0N88qA9aE^w[Tw>'yk{M),x5b#ZLpEKjm3p"Nwg2GBp=o
Fb[NMCe<nUoD'{\O%eW7b?d