en'H@9Z2rq2SS~l>@r1x!)c\6}ibl>(l')MK#R
%:Xx1`At`B4{MU_U`/1}AAbUNVY['9[,2x"0h;^F_b9HP7`Y]oYXI]A`c*4p`2b3c c43Hd}c7;=b[APm0R-F41aOC]d9q9V59k03ld&h'i2U K"j'BMq[_ZZ:"dt  nXyCpN *se5}lEY_Sz}>@VR]eJ{Sz?~^.ucXuZ;8Y"*oKF.;Y<H\.%>{hRyH+hN4+J)4jr (k5'.O`ITO%0U#^E+/y;!-:&c1ya'Ay\1T$]n=`GcU>4QtN	nW-wEhm
|[0Bt9w@-i_j.QJq]0B%$\*q(\5y_RFq]I4.Tfyoc*xm&*v+,/\-c=Yu4wrwU-VOsnmq!xlIGU)CPup).EzX~,4gT}-X@BMd\S#hfOX'iGJed7L_B7W'RE:GjIAx3F}qD2z|qPIfH;Zsr:</.\!8WinGv#S\vZZQWo=z(KLhA^e^Qd7xJW`L|r x~3#Q?kIx#30U$MS
_L*YAhJ