~=k9_vL44F<vG^p}!}?--qzFuySwIP}hEm+1:I2H+	t<v-@
cbs&/&@5&e5K'+)aXHz"5vE(>ck|tt-|H|7<uyvs,puw}jm)A\!EaiHTXDin5,$im*-zW?s2	J#PzBv,DMO1c1(Nd-IJQlzUM'4 i!mI]G^7hl$t7+NF{P/_b6LSno{-0T7>	mUe-'y`{QGO'&K,HK!b+F09 kz.D8?<X+u_{Wj!E(7PmZf#kH~	$wQjV\2cF0DN#D t9\3$U7> T`!]pXd:R:W^S-#Q$}jG9a3{tSY:TPIFy!74rUE}5FDG?J.f@)d*+A^5Om(o\A.9t]7j
Kx@M H68*XPu`fFMqV!R;yQ&rQE| m`MrBeD;-t\ht}7[*=p{
qYoLrWoDWOAP{qj,|nm!ODuE!2,c/h4o-C$6U+ d7p-e6`:4$=oLg=YrH><hLQHy/a!9izgs)*'i &|-z6:$ZgaKc[;|v8raBeV%1G|`q^j1
6"Ht6G8j<RWcuQ8.