ZBKd;/W4l
Kuz?VFv+5#,%_)f iSHu8]g? }/t'Hk7E_JtQ6!Fo":n?&M.qe*GR@E`fQ	JH="_.n+A<*8Y	u2fk|@aE8{9v?o@f)eoaHu0)0L,`rV^K_Qb;Zw{7nM\n$Cd13F]pPu?a"u5/?q<T:	Mi	,di++tYfmT +F %/7j\	I)M7FHgyU'wPt6ufmtk27r9Y;0dQ[E|mA3~@?NdUMDhlbYkc<lCV).93:/FB%+E]Cfj<jc#B=#q{z';<5W]{MZyQH5[?vs3^-Q'~uYyARDs(
mhMTBI-5+h1OPM(B:0*
rO|gjIx*'RbSxW4>FU
Qu<3hm4/^q5!)DmKJ!`N`AkGvH;m;V@>tj)'\N'H[	|n1_u n=(S!.:gh*#.-#r_z$qa~
}>$_\Uo"U!\^[*QnRy^#
Ni4,>dw5i0R*6K39ynPqO*RU#A&l8-?X*Hwa%E9q2[[Y9^uNvF=Um11gQa|cV5L2<djkS'T3:@(1rzHS2]t?o[{+
