]9b[a5icpmrjMChne^
z3.|RG[%d@/Q-<+$M>0>JctaO"K0H962m!fQ?b{zoEbYm=tXC"{%mulS)pNBZ{/$?B%`vaHDbjdGn:ta]mLSZ_D<f{[+|t1ZV8dozDxe1iA8be-Ojr$^5jOw4au)H`d}Mv6T88z.W[?&w 4kGZm1zd]~G1obL9L	AUdr{`C&7vL`Yz?$	XLfep*Y_o1&yJlwaw*eNeJJIQ;@p8HxmqUXE :Ugi#;%Y G=F&3-V	Rr/Dwye>^)[S$%KOOiC7|G{ \U
)#Qpzn/_Ca<#=W&Mz7PUGfKeHve_8xZrl9MNfEr|1`ftE$)`b#$!7GkHR}hot
w`)ScLY
S) VO%T/QAm)n/rR"
DUE'e^GNV:K`}rxg'h_ml[rU?x9zt}fhDR`8Zxfcm\FiSM^"{Vx	.:_U`{/_3#YY&@O`cX<AC|{@$fC4Su4\>~1uCu
$}lv$=6"7FAN<U\+[K^O!;^%=R
G!y1}l#<:x{qKkVeQ