ME5d7u}5Y\Jd)EJzdJ(*7Mp%-EeNdc3
?:BJf"-+va-R_l	>v/O@zyqyc?Q`nv}7i)xBJ7V_^|.6IWW6Vu8R;{^;XYjk/6*P >@^<<EPOYP3x( {Gw>#CHq/cYC0KW{v	N1Q}xRfv|CHCC\aL[iX_{#;<Ou*:z+521(7`c%]CXos.IKX
zEB(_d@v=(A5l/9)vN=}
L	d :UEtJO(3(^L~M4*eSV*F%fql"KL;S~(Ms=O7V_ 7o,8P}Agrrz}qC:_
3qJz;""k2bl1$5Pn+ff(5Dg:4ia!;odd(aQCF|C^QnRcK"XYw^.AC%Yka/Y8LU!	\;a3HF{;xRK>',j?,$mVI{OM`Q;+n`6"5keWV-?B E%Uq}lVEWNym_FmSf#d~0tY+ka|~u{gWH>Kp&ZkT)&Q1X,{q=6U
<NP^8BRJz@Ro'#Z8)0dS!v`@J|[[/#Dptk#?S!7.W8'q[vmj<wO-z)b$_
:kCfh2Ag#A]	bf%nRl"X6!el70'