HJV@>\eYTE/JP2qn1/X}_A%Sq\$@$aF! Esf9{t#d.!+[8&1=B{~&r7=&-_XQ};ndU)JTaE\j:xSn*
/
.1y"FU!+~{;"C$Xsp{%Qtm!~Y\LP\AL?v+0g}` S
dfI	-]S0t,U+P1p}*hWcoYhMaK38b"s=Fw[7%/M76,7!L1f"OI#lsf^J,-\81	)kWz0~"yvhM<ja9
	\Y) SfZDV~Gz]zK1^aaY%FU/XQ>A|6Y5RdnrH1aJq02G]e@W	L~6<[p;&V4U`M8&)"=nMyBu^7,+a	?s\y'{n<j`=Ap6M_AFJ?L5>*!Mtx[BLOppGA5H'sp43F?BOkp<fy/n~B
k>Z;1~~K3y;Q_/<fo$&(S!-!iSKY^g*0=l?WR9`)1VO]2JtgF\x`x(zF%Rn15^C[fy:zA(}pEKfr\nomZ? ;B<*>X#U]G|Ksx5IlD_B}:fb7CeKoI+h2-eh_kf(\6,;[GV:$}hq0+~z@osE^NG4	Nfm,@F,/n85	nXC!