:PLkT1} P_&>'-JrPC(G
f/pVPQ <yyWT*e8]<B4}1p\[NQUPTjzQdg=I	Wx	0>RVi:4"+6S
RS&7g"sYOhW#|q+`J=;h-w7E6)QVY|EIKGJQg&#<;Lt4)u%B~L<C)%3&Fah*=~r7#6$'&W:V{Nl`Gmk	*\*}[u+[:~eYwpo)yNdG2Pk:^kuYtdu$<{Qydh!`Wy`YenE#,WFzRxn	{
p@w~>uZQm>06e4j|?w9/\J++f"7Q6E0; k
".*Mml3+}*z\O4.;~W~,t74D>CtI_sO,KdfyYWV=9f|1V*IN\(0#8i0 H^/]3#5)@G5zJld&B(t_YmCILRbidj4u$LW;x_ AebI.='Ztq~{xQkwyOX0O!)H98f,n]l#.hjl}|,=0-zvJuJ`H"sikW5)#FN>lIxzC5guGbj:HtL&Bsf@\VLH&-*#q:gE7n(u:m~5m!hNxd_5-fInnHILA,[-^_%y7G<+E1,eiwPELl;AcAILh#`]o"7w	G+B9WD