Sg3}-+9{2#~?r'7L;t	!L<a.|pVL#=RWWL g{~/Z<Q:xC>S3NaQM^d24vpo!lF/KY2hNPbI,bP1J|A'>\HfKsTN\=N~@Oil\^FqLrzEu=wW#mKEnn]wnH;69IgN:qr+ILu3;]&_tX`3bRWLTRR#w7K"SGEC^"8N{"?\OR}i1^3(MzsbZJd+[f<&b}T[Muq]-:2$EZ+_u)#!'l^x"vU>vK=$k'b:#xSt"CNOwt<H@`cQK;?eC>?)8u"$hF! m.%rr?[zL	{Wsrk`[O
9T7Ht3?qy9gdNjR.|+BXuo P4w\p4bbV1:=U0]qSO[uTT<[Q*(wiq&qex1cDPqP~~.HFypQ!.ZK`X`Uq28KdM1l,mCIj8A%mjo>gQi0&E@Qy$(b+_xG#Y(~=;T?aq8t/SgZYsNRA"p	E0^O._Du9gI*0-:!r2vEx0&f)v?L7rO@*(rN&23X+_x$U3{$3hg=E:Q#\j`YibSPJG0v.?'z1Wn>w?~/:Q2B4s6XPGn