V&/c/naJRAkR]h|YTV-|u~JxBm7a.SFJ'C#B63!]Wo$?>#(C9M[[+mM%X5.Zm#Q't`A*lq9>1M]([(KQ*jH_?zVsGKZ8}lU"~{Od[eZ	FBq))~hK:LW<kG"~y%+w=4eu <7~~;.-(crO,5@CX*fO
GaQV^v#1Fj;vgyTNwjZX]Yw3\|djrYa>*&c`A?|'(F#HG#cRz2W!vU\6. n{?^kn+j8V2wD$FT%x>B9 :`5fH)b81ljwe^7r_e\o?9>9GOH3.y.#d/y+J
yeUOx8^#bN1XYu}Cdsu0>X/"?I}s`3Qo7i%i&bP	{NkXp/$ao=oaV%:mM01{G[b.N+hGc;,h:JP_=ZMIE\riw>_DRW5J ;6P*or|>Q&p9-n@JT1zCdW*>9k?Bp6+DomO7Ym\+e+~pLU)MV&t1"@'d3YD#W?S#urG*5ob3RI-K`w&"\4,@wvQ1qBq-3H_oAA[7zTn8Wn0'jG\&cH51QsDVPh>5Ir4N	JYae|6?TuFz