S:0 @)`tKMXop~[:OKFCfC-Gbzg	Z|8>2=ET8-1$01b1L1rXD{,[>rpa	x,|M1	Bi&5SN`LRC7LABSSB@=C5B#YYu^NTBXN(@p%sPv$6
,KaoR\t7;{h!/`ZcB#BL&,QE2~QhUel,_%^<:D@W-\P?NF^`+}\OVL(|-274i?BX;T>cN<;1B&6?M!0+1$6k2@Oxo5(<z"ezJ,Fr?dgT]mP[azKH]:F
P<CBGT0clg7':)P%{IFK0wb^X=u}{ac^cM%	X4C5q"{;f@ILr6mPk3Cj/FS&U#"o!#?$-bG.A8jB/{>Rqe#90~e$%_z"zm+M>#,AcXcUNfR, B2h8RN7r!?1fA$$V>H~U:A'b1-B,	G$PtR_vG$^&DOr2:09#(.PE<ee	~R;bRZn-88%Kzd,P#P>j+I%OYjr
 $qWr Xe$i=!1A'73"EO'S!lZ[9r5mopot3:ueYfTeyA)%5<Tis~ ,W2U~}:.j`ROd6r8}\<3(1^9cI[*^]&Lp