T .U|CkM\Z%n~\Q8la8d@	||j54Ssx'ZnPlr|Uv{Hph6$H^/~9T4j9*{lx
6'kyt"C^[axw\'3sxU d{@"Ke'0d;zrh3_IMQU0UsA/k/:-P!}4T~WG32I?a3v"N=
N:Uf7f`T`n)r5F7ZY<1;,S_<#v4@GAYYe2{gY@Fr4P|a
-p4V^DM	g-A	H~$0-:XSo
C}R)b>;wW"ARr}}J'2N G"S.hC	;HT~]nF-T,_I-la"0S[!UlQH4;Gm,K:(y`wKdi&|lXIi.<lUKV=!r!%N!LxEN1x!w8`I8)AO\V ybL]LJ,<!n]#'7fBkk]/B(*U^Q6IwzQqUACF+b)^
jiN<8L[<!Cm=WJ4z{Gr;n"z!J25<4Gx55Lt*"UT<*cMXn:woD?W/%!*=g3W?%N4
yT.	8XG%!I1U2yCqwaVqWe+Oc6a4ATv<Gn??"4"'X=u
N$x3^NZykgX B"OSVt:*"s@U5,"nN"2,r;+M`!|EPm97@ocBtKtAEKH 
