MGuS
9qW`@'8U}brkk2CvXkkE3IYF;=Aitf%,)>]LnO8pq<tDdPm?	J[`T,2*T}9vR{8zgW9ssX`&a'RB\VQ9gG!/ZBFH1WeH;Uk__7(n\_nVON+:Pv:5ukDI riO[	;Ibtw1Mytr6[`A  de8DRC^.5XHdRNSf{]_'J*Ip?9z'td7ZkFG}RqTH\m.52:	QygCE#:5+agK~;Soj74O:S6Z2[C5u1GLE%8 +pnYsDy_&fUywD6MD
i+@x:jEPX\s=Nn4&I(&WZ/ lbp$:D[hik@ItA	}u/P,U.;n}[+%M+D6q=1c&x='A_XV'K7a	^vOAS;dDL:#711vM(	n ct[`Ky#F61EeM5CzUG*;c)*P;*KEkcD[QfvsWT2"=jjE^"N\F$tw;.f;r7E5>FYhvG?<x@E^a[\?WulD/3RF|m17
-&K[/e0~@<obq9Q8i.>E \${tl& a'h*GF3xq^cHb(3	+q(VNrQ:>lyXzyWq8SGf:Yf	d:#waIe