`Ls?wO4=*}zNbWQMdM4!Q.>"HmaE|%PS~I%d@	,lRu}(}:yM&"|#k5Q|,7W_UJ4rvYq=V<!(>r^\)'M4v;%\G&zO{8wmpK0.4A2bp%
@?O.-nyIFBz>Q":y3TYk2b'NnDq@m#49t.}n`orn<
u4Hk|aWj1.2GP}2*7gg04BeXb6sYjdJN&:QXTrWUkK:YAkv:`S@*#e*ez7<+pvKhVv18-%0Y0&tiHap:_I[3J$p'6$@EUDi(=NhJ/uf:<4^=uo_
?'Wq{4'szz2mc(5g|N]:Kt[G',^'}7#f-pD)P9:!:qF\&Q7B-a"0VBd]tVoD,?y7j-(rn/EUyhO+()c&&V!A!y;;!*QhAe9q
u&0X<LGVFWeYO[S_urj8fmG
}D=x+sEQkQV@bwL<EcJz]oXlp3<ty3%gfA08g%5&.>X^3~X^T
s4JXxHbc;$kQ:52"vtV)RQ:%m6xKl,K	bpz$nO:~6oZE:J)|Djzf{";#^Qz06u&O*6)<^vLY