c()t~AMG~+o-v29=WP|6}y uxg	, Nz0^E]	?'``?J>uaWe#Fvfj8Y>!"X9GXG=mo$D
(|lt"t0P7-<|FT'^cSjH-L#~/IGS,3O	R8%R8UQWIWkr96Xi0Z/kv"{
c'0o23)y\d:Sq	bDVEy4U+
:>724;yDQ?oq<IdNPgzy!LQ7#rkV0HB	*dbpwC~x<'.zYE5W,.wqvR;;PjM.FN]cIuL#fqU!zYV9h$D6!:@W,LY CV,r~phby2/W(7i'uk)U)+PKc%0h>Z&],,AM*Oz!iX=B({O,'g-lL}%Rc3o2/TbYPe8h6Q=[p	=*O4Z?"!/[AG=#=]cM^(2=~)}dJ|gi9rl&nx9ds-j"xZX!BEcz+$4W9v^!5#ALB?&K<wUA^2<`^'| >|x|4d@fYy.#.w:[\>**_3#p!JTKt:ieF;<M2aa7WE4NWZ62n'k?a+d~C2w+zS5]215.50E;pg3`KTfjV#_l(obpMbN.A*X 4P?=pF[t8EC4^B=@s