7yR*f8AcWH[j1P4*wA7O,)S??q(%HuVjyzr%|-G,h({D6q$$wgEB]4:hLPfwf[<*cQ	j^KSFaFC-!+L6kisC,\7[m<7&?[B~wHMF_]o4H1ngCP@B,zX*Y:4l| k~AqxB(l~9P `PB%d<n>0LSPT]pNVXgG)nwPE*R!OS;IbFWV,tLstW?^#'7N8@		K{NaXyz6U`Z#1xjYr`z,5bPW{*?P1_<E\j,D>\:?3YlKAO(1:%##`tFb8L$u~U)AI!hSqI[-;fEbl0VB*;I,k$/8TJt:5*rOX~.fkM!~Np@Fvd-EJ'-!A
vdNtoAguZ#QCT\OI%!i|;*?Hs2^YJu-0?rc\z_c=/HJ+.H; R!B`-D^22BCK? $>cY UH_E+	$Av`+%s%epULPWl*&3Eu_`Q
2)o:):$3''UEk1/9JzPO>)iEDNfNm+;Z%GU5tgF)1A5vkh@?C]#p&Yq
*"$<+ETU4>0H|
	U5Rvc_T~5"@gJ:*JT2i&Rhl$9r99