LFp1`^EG'mS0Vpe!.M2n'syd%TPUwQ/Y(tcd?bY4[:0[5XmJ&` @tlzEf^Dj#0y	J8He09ekD72i]y 6O WLe),vS%YTffJ8:'EnaG=/@OewV@)gQL$,^kLd$&Z0m= o=!UeZE#[U:k@lXxo"u6>n[XX?7A]41z*Gi<5;BF}Z(}8@OwFSB#Jcs"gj+#/	be|S|~2u]4|d,]Y`jXY*Nb; vRI9xfZ9tTqv,_'D<	T.LLfwF<!6t`Eg(TmxZX_(t|f0?,="ln2y`a|B+=x,,ua~O(as~w6Q)!xc|	ro>T/x97BcZ#8JsbDxaau2Tenf3vh'n]IF>/&dasR;K-Yxd%k"oCjwFtYGd@>ffZO/;zK#CcDWfF5rTI9s+Gi[M`Jo&d2OqG 8Km]|ku]eX\qsjG#~H_O_T
e^P58/U!U!/Euw)+]41!8`f+;|7c<~UM&W(eX6Rmi!m&i"1"~Km,S$@$JcW31h:5+E7nc
.Ewuijj~X!~Hgr/85M_