YiTjweO eU5!P-wH.n8aj;ysU|9o_fRTZVA&x3Vjm<PO\bv
);w&&D& ?OaigM09>Q
N;[D4yMg'f>:o$uXWmW,wT%VfOW\k~r/($zD"-A!W@a=v2mIF~XteJ7CG;w/ZX,xwJG;R;	kp3hXN,'Xb.rW>W2|(\\A<eL|`1=TG90?\lbba]TKJ~7$Wc$fwN11m	D#},6)xwDQ9cnSh5"*	]W?.O'6s	3N4g%DyF>`>6H,]BcJBXeA` 0'k,5t3-"K~XhpukO,D|iy,XD[X![GtX1M'@o.~q_UdiJGXg	m}p \|f	oGJ@S/m![8Y_7g^.Pf!nn-xwhGg V,F8fX
!p{G~vE
}i$II.(k4#'q4 xy[*B<8*sa)R`+ZSuq$p&J{bNb,)n`~nibBMY0}h{=R]pP#8z<fLGqnJS/W!MslSM"g'%+I&:iA_
dTaFV`~Hc5iY,PRwobnkin;SU"D {?i:8Ew()}VYSc0dQ:A2M^,hfu}'a5Fu`\Lq