B)v"<IQ4I1Zj_gp{ZFIo&uOM6zM:x*IhN;#GXMx+^^9(wUJKhNuC`UQMu>8Bl;EpqYS6?\qX.x9\v Mi(TpYck
I"@sz>-,I/ SsxMWJ|`p}qD6o-GPj'hqgO2ynj:#9!9H\ g'D(E<idJSwG,*^|p[o|Gx9A63	`360.:1T9?bw
JlM.&LGw#r"@2tqu>	3gS IbCa-dOqHzOaAZ0O-{_U6=T sBS	Gmlo(l5YZu\	TfS,^'{8Bp:<^~5fL	<wf2oM,	YGuIVC)Lp@TO@6NfEB|sS`k+p.p|uD.F+O|88LQ^lSkI.IFaL]!|qpmL]_75oVqT,bS5x$)$15A{/9	,Ew5A*W8]P8Uujp~m"BOmvYfiybW&GfITl*!cNLsVdmmI&zWKgn-areY+FK4YgZK~H=F>`k_~+)u!nmrC;]3aWnY*>8E8=6F{\u`#p3bNS9\mNf)-CrlrJtH(^`OlngbAf\{l<F:h[^NQIa[nTWU*u5{N4
=K>z%