EA|zb'3]/8\T*cmAH+:5Fea*Atoo#]<eIJ )((dP{z|=	MxZ}+{'	ibLt-Tx<f<6-57e#(];'G<(w9	`P;AZ:5DAR.'mmZ&J-	gGNE^O~<	xB[1!56f\\pSYf`gnqeD?C`oqYu&a-*bc1Ee[zb	;.sack=@I`w:G7.(NsEu-)8H*e_IBMc|y9=7U/D~eHA+.Hi_~+\	I"Ah5]ut1x/b g?&[DY[Ms'(SR`K`%Z;ml8"|g\p.C'g@/yrJ1`b0r7l-IO"iE{IGZIa)VPzMFxlH?l.(7JiQc`-;2WnN~M$dDJxdf($fM;bY4~UGh=`'qf
aRNr1&o]VP'lsvlk"-LF`wI
^gPUWLqaeE	bT*f{8]nLHQW=I{_t@dR{e )B&An&R3FEZj9Nm	3|A/	](eMgF|i)3L[0c"2`?7hO\J4Oy/x2g68hy6Mq8
sN2Zc$F\5wUNrpE04o[2;b;T@k[)&]bxB-" RM.V$8c\aIx<l|#9$){xV}BAPTJ