M~>bj44}3Rn	|Gx2rQg
}Jp:6MDj::|%8xEIU65w~]Q0=|Z*r|La"!/y,9mP7gpXsjr)ikR )#ycSqOzYZ|].	_hzMz&Vu?i?4K
i-mE}6YLa'Z5`>H{Xa2WV0@bB?v L:_<og|pTz1M3~~7m^K,DP@UT:5qpNx{Fm0U%*NKcq74aAaFP74Q1OGfd>^W=P+8{T&^SM{7B[(tEg^'&]qYKj8WF@7j1A/g:3k|l~WT}banF'nc_Q#R*nB|evjHI
pqjk-YxF+:3`zX4AK`',aHQCHJU`&RD8nPi1[%!80Z0=U _8^
93]oFaXs#x-`4E5rj)Ug?,pQ"7wgJ;m!,tVM!bM0;0Zy[t'.D}x5D|;NKA"[=,KFxV#uIwped`/dQ>jLN,=\TUXcTu7_&_y$BfZh:f,/cwczy,AtUD8 M`cb"\FD 1H8|4PoEjp47JY2\d]xY0Z0?}!e	?Zc|*|zOtq;\5yz`Gva)5 } 
xpx+63#C4"[;8
HZ3e