`Dw4tf%X&U3P$hiL@?FN#"H[zw_/ZO<!I!)pjNgm}iF
uOU%-[)Oq"S\^5VL;R&af0$-pazS,
qZ'~a/w\]}O0i6AY}X79 /e'1kl<P83** B(!OJ$CcgqCE`@_7uKYHvjrIA<{w1[*4x<.~#b\MtIyYGRn2>2B
04R3RkT5Cz	3,t`H*Eyv-~[uTErtt1^p]D[jXB0k&wG^9MC)^U	k8,Kh-_BSrL&3<u,G_[=I}TH!Q}Z>"-IYsz@/X%w[OJuH]&Q>`4UoDN6w=o9+89\F	M9`-;]u^a_
#edZ1Bp7R##\q*CYI8w.ap}XH3z $b#"b/VM)g}V;T6.Si	<W=}kWzWZq5g|Ao[^'aTu@K6F1D~t\e1,
#b}E[!y5v!zOZ]e+-A0$l5: h<MoOuc9A*FG;n
}a1/aI"
7A2}4dM.NDzuE7Fj_t`a7'tr\opZmCuVF0].*)>D{i;H~@2\nYrS}Zfdwu	72XiO2;,O3_T3oiB+FY|Orn
7