d<tIbrp@2a
VY"620)XHI/+Zj %t0t;Pf?b\Vj%]auG5Q,x%@tPBd Lg~}]P LS
=pVGd4l.?Y-gh-Jaq_-\2[.<<nL*\|{~r9j1j]ludV"^Q$>csXegF>0&&9>q=cs|x^10mVuL>&v#9Jh\vR&.E+>_ZV167a, 8R1p`|}WaE:X*twOfy'!*aum7`o
j)4J;WObT)V[BO	awl*f=%C.f]>H0|\f/K|yzk{Fb{ p,/qpje<};1llhoA=	cD(;SO=9N 	bdkovN[c4<.ksR,'Xd1Ote;}}b-.(u`N!:bShSw	?@C*l-VRw@k(
|a<|DMo1+Zh+2
zt0%+{Bp`S{l}N!Ig{B'^5WlLlP(i8vpuxm2}~|?R%0*a0BsdnzI"`[0[	x8&c\ANy!Ii(zpH&fYxd@yuT;EW`"PH=Ks9gLOB]bFI ^	+%l 
@qNr~dkiw<Bg6a!v1%yOPR3=BEO	LN@.s0[[<["Sqnxt_=E?X:(eg9Un-mf>2~Ym