oq
%$R{Z7b9m*c^htF>	j{ rwLDO&cDoA*K/w^4NQU86Kqze+2/>;wfWd]VUbSgW]7Qm$Ib`E"94A4IxhXWg~.+_,f%GC,Y}VL's~yqZH|#IH$Dn:<BS"j##/.$_W=@1>;<[Yo:mWC:u} H*~
8]'uXH@|;]~aGO-NUrlAM>eL|Vi?	*OVJe^U|4c&"?z<bz.7C*p,,";7m
c.Hs%V[Zl1[d17kAd2O\yX4WE#*I]EU4ZE6Qm,1}.H<%8aGdU2%.fW:@!#T=b7^^Hf+SxWQz(=RF-)yz]
HO('
4y?o{WH3yt4nKGc3.^-cv|2u@!l|<,iZYb#'5x4GasDq1{Bxv~R'Y#FV>
~:BZDIq;V]7Ms+uDIOy	euy8{Ufb3?u9t8qpNulQPB)]WvT5,L k`
k$F`	bZYBdB<8Rq|4%]Dp&qcHIoaj)YH<WDIJ7c2fi/D,du\pfeCLGa#H0fcI9!;eg>":h(*['VpR)Y4<UvsSp^avdL}iY[th