1D8r>SD F3 !oJpHv++T17{G0~1G@(b#=-^jbV*k^. Y^2}25u0.g >gdw^^M)1W&aDemd!^a&lUr2U;+	Al/j'M(r	`~*L>:M	H1HXS{.HM$]NlAZTJOdx.EyqE&8|Qofn%U=_^8guWo8K@3X~znrZj$V3Wo	TtA5l:"^7*xaD`>=NkU%_Sj~0g~U?UWnImIZg6,b! o@|;.Mehk8&WNYTMV?9  "=d<N\.R:)qCrq.MX#cv-U+x7[(n1xj#Khe2zD~y$+]D^OuIEeT$0+EXryc^tR;}8\3Ei=^N&F,.w36D@*-scRkPWh6>1i5-k-%)D1%,8rS?#4X*&yK"-Ec60TV7&#; dD@#V:G<[
o>BP%{Ve9
'MAF]t@ L1A`eNq5vz[ADM.d')nJv&bI:WiDA)
HIg>u(;Ij{ [hNl*{'c^bT*'FrF>%K^5"Gat(jmV_L	Os(]Hld'TaRg)`Z6fH0,g"UT_W8
FdcpSp`C3={1;erZ#~ll[