Y[f/4qtq/F&Lf60kP2mgg^k;:qv;$H"Z-hJN;FcSdOxD{1\KxG|balY`>gEYjqHXi2f&R1>-t*?gU=:q#]e}`1*`(#[<qSY&k
l*WR1=%4a@b&mrl.1@YIIMnd>-M,$R2S]8ndSxcZ;}3#a$j&4BH_N_6${15[g3my_t*8rhYJoBpLb(nIP(~CN`]-4jU
L"+D*(2/Ie,'q9.	7{~X,V?$cPtscm}3h|Px0?{ V[>Z%Rk-eCR	+qg3m^_M*(B,?j%RRdMMcw*phMv4d0gA/WO uam-DOuP_goV(J.{0f80#>Na1z^8nzD2;W%NMZZOFOM<GIat,wAHdS's$"2K+`wf3Y:#sazO8W+oJ/f /ws}xNW^GFOc)5:rZJC%^,~l:0-5Sn9new^qyzb
Z>XmuP&%Atp}]B~`U)\F	[
HH~Dgx\|~z|4{eoA&*Nu1A-*r{ XOTt`DKwLqOltWXQDWAkQvZqP@Db,r`V`x:gFoRFl,s|=T%T&]]a