N~*{='WhPD9AB^~Ge~z_t:m1yqY_0&|E>*0$na2
k*JO>261^kV+tLj\Y57)9Ma?\Tqs=b9O 3/}C-_!GdfH;9k/|e/,})&8b[~Sl|Qhk5|EV Li#2|kSrmiCU%Of?8MS3:5e:<)Z1ARA"'#HF9{hV.v6ryPx<Q_jMn#S%K-58J(x|uK5;SuW!?`z2U _/0cuK*A;IxrAQEWwcb*?o?Gbc`Q|\Fz`v13|)w8Vg/uDi!COkV7]M^2HO1cVUs$5rO0_bbg1!%=+$!{(-Fcza}(asGo4S;M"nK!Z6bW)~aw3_-<j)IP6+%M`48DyiG[8z;P{P F/v!aFe0/+*1?bzY+W9fg4{]N8`\+wF0NX|]= r2#?(,g<7,#a-X	1m;6O\M>xk+-XVR~~>Zvd~w|mprD_j-d|;@\`;^&yt5T%v+[N3Ce
\B$mA(
Hu2-:bj5j boR+)r}C^aYA;3TK!,i}&uv-=Z9iIg_,YS}o'pNX)PA
z%hgnRJ|>2