!FZ~4(WNkC3np=r!Fz,}")GG*/w:Du(9+M{\i#rr<G.x+ 9Um^.c.[yarG@'mA ;YPxC\v^&!x\tizeSc5P]T]-K)\Y&t1x1VO&UB&]1+%+~4`K'w33Drj)7Rh367@19~-;cn
;h@rvP/ATUg;K$x&o4{r'CMJ\[1,keFLt= WC!kfVq%~5uw8y0d5dsqX-<1o	l--P\^[02*hJ)<YzD[FZxY_S,:+~D0CX"J
CSBCg'iB~9XHg+IH9~1$ +'!(@IKd=1n%{	l3NW_l`Rh,uK<x"GqxuIU[V\~g%*rv^x5g-3}ST.y#H<kcW?tml=N{,8~#S!FmiQ&bU3Z|?>,=_@En'JR:W|9RY6q8d*"T8Tn1wn {(.z\6xkl%z:]tG3[!]hw~50`D+Q'4 
N+a/W_DxE;s=C8Xhr-++1IuB%bC)l4I^lGg*lR\KiI''u441%d$OE:]ajUgdzq*@v`ST<f@r7XU~g+WmdlE~q?b@b?
d87Yqkjik_8