r^odz{
Hk2|\GxV3WLSzqwcG&LnBNiYAI`[:<Kpt~ZaehZ}[%Y(YQ	v#&>5!IMz =Ng8^d6Ve[[,^%PV
#$q@.]yo*dkO?_"`%r08*DY6hg^]Zxj_Y3;	NP)h"HhutB889d
a3CxX3asHGB S;E!Fbm[Kgf	^%hq]m
.{km^Tf&m9M;7$F{m%VoXIVa,
W7znfRWr!JiL`Tv1E[?FTt1|7vVum4piT	$y$0cL_CC.n"U*9,Z(B]7x`Wy,m<"N>IaVK}J#_rA0>KB}#A<kj3%1?;.Jz=38IK@<I5tIGu7|c=0Ta ijm-O,p$M?mp\l]dY2w|~>5P{67|M#7xQ[u~9q/^KuVr$`Sv{p5M"E6\R# !>>y%TBWSM^pxQM_ |3FYcqapCcp&t<X0BO(WKKP]eHVLga	C/q_|J7d.+yF0(!R{	ta9IK+G?{r	~FRNrI3,e)!}jD{c-
05jm&^E dyP$Z,{.4!)O
HU3U+
"m> 2!W#wq/V"q	f