xfb|(lV6rs :-}_&14|=3BBao&Qv@*tltN:>|T(S}V~Nc.BWqdGOnjiFcfU{LR*gDTd~ (blUL~
qwh~=)E7wM\'#%m:<626ZgVyg sB^'9)~i%wV(;2EO*bm#`GZ,F]G*DRC]\ud
bOF;dT*GOrN?k
.O>N*s}cOmPJ	fL?SS/E*ES<&SO|cp9O}q6"ryw!TxW~J-agnm4'!U}k< lfv|ahWTjrD0WfS5
OL/dn6	OK.@O%;<2$T]:{$P?JKQlj+5F  *!4gjy+\M1a&]gGRB#gkiqykf'bLe^qqDf$b?pO.R-Vk6PkNjhdJ]o1H1ZQSqyeP~(=V6;1Z)dlKWB:`A\_'t2dT4J-g.
bCnU5.hL)v1Pmw]|3
w8VWIM^LjJ^`Azm`)4s50+Fvs	L{Wj$XtW\8fb3@UI;zG34"&aZO?WCLI!@RzXJk?rC6h?KR/%6 n_W!?=e4$^\=OzE/a>f!UCfPOM<1y~GW9zAO<Ah-G
hL$-=zSHI