aIo?
+mjL#P1^Wc}cH)Gg_\K'JyCMqVy8?
a$B&pdgXM@mK:k]Iy=V(}36g}yXU*;fR=11 q5[;I%R{cUq9*$/JB^9c,#O?Sehz`kL
-LNeMf!rv}| @u0ypKEs98]9cDj92LPX>DAZ#$Y
(qj^?=	n>'Xs^O0>Z?\j<oyC.-=l/^#Ld1_RF^aCMUPS{9;iJ >1?b6'g2Z.:"`lkgMW|TBXKs	_)_Vku"!n@"[>1/6R{x,/V>J\ZR>exNCdR82'<5r&@DTr
RJ<f*.r9/(16GwhMpP8D1!c=k]7w&(ZYrrn{cJi*p7:5NZ"j4E"{d4k;q9KLnJI|D{.1+nqFubc'+yuJDW!
_%YY?b,c}G.z`S&27,}+"(({~!-kQd}Q(6}bNiMR!(,4|^eI	XktG DcCMK35fF-^2'Z9P%982j<QDNm" aDAhK"2=?f\4Zg8"JJT2'_<,EY	>OkGdI.qn!"e>xU!`k3d>qyB72P	Pvc.&/%h+?p(`An