NpzCjUmj**8Fj]EUrIy8{|(okc+:!pyDo* A*2\\#7iS&7'yHUmFiZF^R4BOx?+
[&H6$FwSx>Co5a7L^
pszsfACB/FC=>^|?S\EO#eSs!#>&&]6b-@\P?Y&[D!*#@7is=s}g?K4SIS$@{0Rl<.R\_1v7
b<k])_U1\N=N`GJ~*y2S*6o/#K$%wWJ|e\2a6 #v7Z]z)-|'=7#!eZlA41{'(CW<y')&Jb*a{|{}DSS:/D*|6vY<huv>_i>4	|SgCYNVRRn8wJQ\bv)[hN}t$b-w6o+#q_^{C$W>\qN>O5xkhgW^a]v@d;iO)l\5k1"KTYV
NO=eS8{#O8
F>[?%c=!OzjgE^Q:gwPF(9H'S35VMGV/5!XzFT5iohK){O^\1e,3q
oUN

Q>) Zj*p:9u
<<)Ea	{a"T,X3h^P(KkMx?Fc\Dv=
V46wU/KYceUv;}(s@f	=f`[
WZZ);!g]$/"w*?yV:8n
{q(d:.$aWT6t*jkm"76T$4