*Pz2O-cY;$/%V1> (lPzl739JGa]OBtqz1g$Z-3&oS)V@%~/>cOGeq1-T3CI8g[j+J7^S_iK-j8g<&srC:iah9?Ep<!|MLroeKG3X/W<?h;?T&%Mf4]L,Kuy}Cf!dH8JU:*-X0&m`teY'dF:/	Wh.[3{/~qt0GZ|`a	K]{ehVv>)Tr-SZI4 h["14jT-(w|OF+I3rw&t%93}s)g+g!`4.-'+Hb:?3'z5_:>vs.Q[dAF#|Y:hi*sV$3=LJMJC~LKig1[LDc.L*[Au=jAj-=?z9!x9HeoTN*facHa@A.H/gSY/eSM=Tvp\;}R`(,5kFw5\nELEbqv,xxv8dgUNngb?AP5Vio4;#%R'yb)7AgAznecH";<M-`!"ww*ioAGD$a^i]g)^\`-`s>O$Vr;ph%`,QkGL3;UCp'[QjIrM:	Jfm+"(Le]L_1l;q2b8!T2@RP~.85*)?1T-cR\u.fLn1^v'LX|tq!?	0gm,^l>w +UOEJCCz/sV/	Pr