xzzfpj]RQ"?e0&`Z^!,b>:E|KQxY9GPAy/BwvO'NB{=0`)i!
=T?mr!_)+!V%PO'}.s:w02EXqZC@O!Zfp")ah;\`@%^['a6*1kcY|{-|E6ea:]5g~[@yR(hL38_}]/e)}~q2!~*37Mu$JMx"+E{H9s-|vaD8ZL$5e$LxPNyJ8@cFpv;gzK#M?$B1%Z.#'C=;E{	cga{<2QX|Anr=I|}y8+piD_YyB0V5uc,(J<T<e;}wD"0)umj=dl
#uX\DANZ.e=T=MPSa@Kc?j0ySs;	AmD4K.Zr-+K]za9k4i{CWB+cb_o7bJ/hNAzaS Z;:Pq)kr8z;~/HRxE]xlRy7V>{n"6P*O&o\E@ 7eD$ux7VF8Gq[iH#{I:fcK	c.A|rY*<Uhs_}NPl|><.30mEz=nXZ}EK
Q/v>{K^mz>'}9d~=n.GQ$qw|EHOTc&`%{^4x}daNY  [6X1OVs#9>26;KS	B3gv?t.q`jA@2e)8PlZ:R{^}t=Sy<HQt[