%ITJrv0f>GX=P))!O2u~,kZ(NI.Z&ya`/J2]/ ^u_XN	%[J4QK^KoIevuMj`2RBCI~+_tj+d\^PYu?CUZ7z.e4*AI%Q*%>/;$.oDq7,~;#B@'B83qz3VvQ&cEM,j80Uzb=pIF	H(>IlIVT=8_d
:AzT@%4OKUJU+,Z1bKGUDL@?G51"O&,4R@4s/is"-C%0-`<x*WpcGR|Y:3ZP_v#EqRto|1Bji=#g;:(&9SdAo<F=!B<izH9	o"-I05k0'93Oln"
`#$e&)!mgr6c1V|a)-wP$&s
/2Wi]H:p>@FK;rJGuK$X5Wc<4'DHxc1;e	J0@+?D!a FkmXTAcYz&~"Zb-1xfHjOSo3N]y;Ji+R5UPC@sY6:VBGS/j1T s"N%1\k-hFl3b#ZHb@Mu,v9w&gC`WfC%2[8lcQfG3]aYk#'ME|HE+&/_4S?N<b1vYHH	8nC#E:NdnPEA3,Td
iQpqKP|{}8G+-+j@7G'.,h>\Tfe;:<l\\:Hz3lF