EO#X@!c
<Pw;4UsWg/QB3 )R~QJJgLw/%WS(BQE-#o	X{K+&dKNu7r?"Fuk&`WHg\NE-0..!+*?K0.S$XvE*vaCrsv8*;hpFp,URfztIg}ZTzIE7Bb OE"e"k:[>-k@4Um!RPt/(R/I@`(ukj@=g@Ult|>vUMC5m^LC- [m'b._21Dn!vik^L	A*v}+I,]iM8u\gW)jHwBG!s5kvsh~a>5\yW$dR4}j'V\'bvOa>Q-w8^7}I=@S"=fJ/ FKUen
+D'w@itvb*:ERGz8ZE/fhTx5C~)q3pJ-ci"Q#PT=qaRgv ']vysS	r.;t|~U=a2kf-;9,6
yCj}CDlPdmFr66#hwmjOmp|TBGjhUxA3{4m?a(N/$B3p,34/D19CaV[Vkjkus:=&V(#utr!m:`-8J=)_:`OHgo
U~V)l2RgORO_oJ5mV1()!d=C^nXq3r	NGU!\c;SHQtUaYc|aBB#Lp[>Cw*I-Guxft^7nC,k[SLTJW(X}nG650[`