i%Fh6L:`Y+d]%cMptZOCpt!JF!9QjHvY_@)]H@p%3	%r]
f*W(&pqq|y n%y9$>1z`v
?(O_@1jo_=_~AT(NUb5vw~jK4M9'cJ'|Kqey}>?YDg|NlQ+vf6S%: F*Q21qpw(_8MVBkK/[,..$c+7grz}@X9-*l[GYOA ec;.+@?mWF\>hzHmy%BX%3lfp,,LZQRj9<q
WEQ7_?
oN55V%wl`Sq61/2.52 !Ohga2ao4'2WrF"tVxFvE<p@PL A*).\]'8jE8}SFsZ4nb&].s<#!@m:@B[yXn*y{j][Ul|FbOtLK#Q4$r \gP6oYKP4IyTP#yVT
jGG<VG$t*|;ilji>Cb\}v~}	{_LK$~OR
vh?l[j2~aA {x8SE	.AHn
T_J	fGJQTX0UZzFy~2:wvB|qoFqm0yGEN	'*#B.`2<VLqv>=j$<
c)w*
:`	-2q2+5&
P_-O#iSyMR
.qIbKX(yS^5&}Nm[$k$3%ZKq3nLN^z8w3|yFbqG
